// Jest Snapshot v1, https://goo.gl/fbAQLP

exports[`Teleinfo component should render correctly with notif data 1`] = `
<div
  className="teleinfo"
>
  <section
    className="teleinfo__instant-section"
  >
    <p
      className="teleinfo__power"
    >
      <span
        className="teleinfo__power-label"
      >
        Instant power:
      </span>
      <span
        className="teleinfo__power-value"
      >
        250
      </span>
      <span
        className="teleinfo__power-unit"
      >
        VA
      </span>
      -
      <span
        className="teleinfo__power-value"
      >
        225
      </span>
      <span
        className="teleinfo__power-unit"
      >
        W(est.)
      </span>
    </p>
    <p
      className="teleinfo__intensity"
    >
      <span
        className="teleinfo__intensity-label"
      >
        Instant intensity:
      </span>
      <span
        className="teleinfo__intensity-value"
      >
        1
      </span>
      <span
        className="teleinfo__intensity-unit"
      >
        A
      </span>
    </p>
  </section>
  <section
    className="teleinfo__costs-section"
  >
    <p
      className="teleinfo__costs"
    >
      <span
        className="teleinfo__costs-label"
      >
        Costs:
      </span>
      <span
        className="teleinfo__costs-value"
      >
        55
      </span>
      <span
        className="teleinfo__costs-unit"
      >
        €
        (est.)
      </span>
    </p>
  </section>
</div>
`;

exports[`Teleinfo component should render correctly without notif data 1`] = `
<div
  className="teleinfo"
>
  <p
    className="teleinfo__no-data"
  >
    No data received yet.
  </p>
</div>
`;
