// Jest Snapshot v1, https://goo.gl/fbAQLP

exports[`Teleinfo component should render correctly with notif data 1`] = `
<div
  className="teleinfo"
>
  <section
    className="teleinfo__quick-status"
  >
    <div
      data={
        {
          "apparentPower": 250,
          "chosenFareOption": "BASE",
          "estimatedPower": 225,
          "estimatedPrices": {
            "currentDay": 5.567,
            "currentMonth": 55,
            "currentYear": 475,
            "total": 500,
          },
          "instantIntensity": 1,
          "meta": {
            "firstDataTimestamp": 1674565891995,
            "lastUpdateTimestamp": 1674818126026,
            "unresolvedGroups": {},
          },
          "statistics": {
            "instantIntensity": {},
            "instantPower": {},
          },
          "suppliedPower": {
            "currentDay": [
              1,
              2,
            ],
            "currentMonth": [
              10,
              20,
            ],
            "currentYear": [
              90,
              150,
            ],
            "total": [
              100,
              200,
            ],
          },
        }
      }
      hearbeatTs={1674818126028}
    >
      QuickStatus component
    </div>
  </section>
  <div
    data={
      {
        "apparentPower": 250,
        "chosenFareOption": "BASE",
        "estimatedPower": 225,
        "estimatedPrices": {
          "currentDay": 5.567,
          "currentMonth": 55,
          "currentYear": 475,
          "total": 500,
        },
        "instantIntensity": 1,
        "meta": {
          "firstDataTimestamp": 1674565891995,
          "lastUpdateTimestamp": 1674818126026,
          "unresolvedGroups": {},
        },
        "statistics": {
          "instantIntensity": {},
          "instantPower": {},
        },
        "suppliedPower": {
          "currentDay": [
            1,
            2,
          ],
          "currentMonth": [
            10,
            20,
          ],
          "currentYear": [
            90,
            150,
          ],
          "total": [
            100,
            200,
          ],
        },
      }
    }
  >
    InfoCarousel component
  </div>
</div>
`;

exports[`Teleinfo component should render correctly without notif data 1`] = `
<div
  className="teleinfo"
>
  <section
    className="teleinfo__quick-status"
  >
    <div>
      QuickStatus component
    </div>
  </section>
  <p
    className="teleinfo__no-data"
  >
    No data received yet.
  </p>
</div>
`;
